Change Component Designator: Old Designator=!PCB1 New Designator=!PCB?
Change Component Designator: Old Designator=FID1 New Designator=FID?
Change Component Designator: Old Designator=FID2 New Designator=FID?
Change Component Designator: Old Designator=FID3 New Designator=FID?
Change Component Designator: Old Designator=FID4 New Designator=FID?
Change Component Designator: Old Designator=FID5 New Designator=FID?
Change Component Designator: Old Designator=FID6 New Designator=FID?
Change Component Designator: Old Designator=H1 New Designator=H?
Change Component Designator: Old Designator=H2 New Designator=H?
Change Component Designator: Old Designator=H3 New Designator=H?
Change Component Designator: Old Designator=H4 New Designator=H?
Change Component Designator: Old Designator=LOGO4 New Designator=LOGO?
Change Component Designator: Old Designator=LOGO5 New Designator=LOGO?
Change Component Designator: Old Designator=Logo8 New Designator=Logo?
Change Component Designator: Old Designator=Logo9 New Designator=Logo?
Change Component Designator: Old Designator=Logo10 New Designator=Logo?
Change Component Designator: Old Designator=SH-J1 New Designator=SH-J?
Change Component Designator: Old Designator=SH-J2 New Designator=SH-J?
Change Component Designator: Old Designator=SH-J3 New Designator=SH-J?
Change Component Designator: Old Designator=SH-J4 New Designator=SH-J?
Change Component Designator: Old Designator=SH-J5 New Designator=SH-J?
Change Component Designator: Old Designator=SH-J6 New Designator=SH-J?
Change Component Designator: Old Designator=SH-J7 New Designator=SH-J?
Change Component Designator: Old Designator=SH-J8 New Designator=SH-J?
Change Component Designator: Old Designator=SH-J9 New Designator=SH-J?
Change Component Designator: Old Designator=SH-J10 New Designator=SH-J?
Change Component Designator: Old Designator=SH-J11 New Designator=SH-J?
Change Component Designator: Old Designator=SH-J12 New Designator=SH-J?
Change Component Designator: Old Designator=SH-J13 New Designator=SH-J?
Change Component Designator: Old Designator=SH-J14 New Designator=SH-J?
Change Component Designator: Old Designator=SH-J15 New Designator=SH-J?
Change Component Designator: Old Designator=SH-J16 New Designator=SH-J?
Change Component Designator: Old Designator=SH-J17 New Designator=SH-J?
Change Component Designator: Old Designator=SH-J18 New Designator=SH-J?
Change Component Designator: Old Designator=SH-J19 New Designator=SH-J?
Change Component Designator: Old Designator=SH-J20 New Designator=SH-J?
Change Component Designator: Old Designator=SH-J21 New Designator=SH-J?
Change Component Designator: Old Designator=ZZ1 New Designator=ZZ?
Change Component Designator: Old Designator=ZZ2 New Designator=ZZ?
Change Component Designator: Old Designator=ZZ3 New Designator=ZZ?
