Change Component Designator: OldDesignator=H? NewDesignator=H1
Change Component Designator: OldDesignator=L? NewDesignator=L2
Change Component Designator: OldDesignator=R? NewDesignator=R66
Added Component: Designator=J2(pheonix_7)
Add component (AddParameter): Name = "ASSEMBLY"; Value = ""; VariantName = "[No Variations]"
Add component (AddParameter): Name = "DESC"; Value = ""; VariantName = "[No Variations]"
Add component (AddParameter): Name = "DIST#"; Value = ""; VariantName = "[No Variations]"
Add component (AddParameter): Name = "MANF"; Value = ""; VariantName = "[No Variations]"
Add component (AddParameter): Name = "MANF_P#"; Value = ""; VariantName = "[No Variations]"
Add component (AddParameter): Name = "PARAM"; Value = ""; VariantName = "[No Variations]"
Add component (AddParameter): Name = "PARAM2"; Value = ""; VariantName = "[No Variations]"
Add component (AddParameter): Name = "PRICE"; Value = ""; VariantName = "[No Variations]"
Add component (AddParameter): Name = "VALUE"; Value = "CONN_TB8"; VariantName = "[No Variations]"
Added Component: Designator=J3(pheonix_10)
Add component (AddParameter): Name = "ASSEMBLY"; Value = ""; VariantName = "[No Variations]"
Add component (AddParameter): Name = "DESC"; Value = ""; VariantName = "[No Variations]"
Add component (AddParameter): Name = "DIST#"; Value = ""; VariantName = "[No Variations]"
Add component (AddParameter): Name = "MANF"; Value = ""; VariantName = "[No Variations]"
Add component (AddParameter): Name = "MANF_P#"; Value = ""; VariantName = "[No Variations]"
Add component (AddParameter): Name = "PARAM"; Value = ""; VariantName = "[No Variations]"
Add component (AddParameter): Name = "PARAM2"; Value = ""; VariantName = "[No Variations]"
Add component (AddParameter): Name = "PRICE"; Value = ""; VariantName = "[No Variations]"
Add component (AddParameter): Name = "VALUE"; Value = "CONN_TB8"; VariantName = "[No Variations]"
Added Component: Designator=NT1(Net-Tie_10milWide_30milLong)
Add component (AddParameter): Name = "Alternate Manufacturer"; Value = ""; VariantName = "[No Variations]"
Add component (AddParameter): Name = "Alternate PartNumber"; Value = ""; VariantName = "[No Variations]"
Add component (AddParameter): Name = "ClassName"; Value = ""; VariantName = "[No Variations]"
Add component (AddParameter): Name = "ComponentLink1Description"; Value = ""; VariantName = "[No Variations]"
Add component (AddParameter): Name = "ComponentLink1URL"; Value = ""; VariantName = "[No Variations]"
Add component (AddParameter): Name = "CompType"; Value = "Net-Tie"; VariantName = "[No Variations]"
Add component (AddParameter): Name = "Green_EU RoHS"; Value = ""; VariantName = "[No Variations]"
Add component (AddParameter): Name = "Green_EU RoHS-2"; Value = ""; VariantName = "[No Variations]"
Add component (AddParameter): Name = "Green_Lifecycle"; Value = ""; VariantName = "[No Variations]"
Add component (AddParameter): Name = "Green_REACh"; Value = ""; VariantName = "[No Variations]"
Add component (AddParameter): Name = "Manufacturer"; Value = "N/A"; VariantName = "[No Variations]"
Add component (AddParameter): Name = "MountType"; Value = "SMT"; VariantName = "[No Variations]"
Add component (AddParameter): Name = "Note"; Value = ""; VariantName = "[No Variations]"
Add component (AddParameter): Name = "PackageReference"; Value = "N/A"; VariantName = "[No Variations]"
Add component (AddParameter): Name = "PartNumber"; Value = "N/A"; VariantName = "[No Variations]"
Add component (AddParameter): Name = "RoHS"; Value = ""; VariantName = "[No Variations]"
Add component (AddParameter): Name = "Supplier 1"; Value = ""; VariantName = "[No Variations]"
Add component (AddParameter): Name = "Supplier 2"; Value = ""; VariantName = "[No Variations]"
Add component (AddParameter): Name = "Supplier 3"; Value = ""; VariantName = "[No Variations]"
Add component (AddParameter): Name = "Supplier Part Number 1"; Value = ""; VariantName = "[No Variations]"
Add component (AddParameter): Name = "Supplier Part Number 2"; Value = ""; VariantName = "[No Variations]"
Add component (AddParameter): Name = "Supplier Part Number 3"; Value = ""; VariantName = "[No Variations]"
Add component (AddParameter): Name = "Value"; Value = ""; VariantName = "[No Variations]"
Added Pin To Net: NetName=+Cell_16 Pin=D1-1
Added Pin To Net: NetName=+Cell_16 Pin=D2-1
Added Pin To Net: NetName=+Cell_10 Pin=J2-1
Added Pin To Net: NetName=+Cell_11 Pin=J2-2
Added Pin To Net: NetName=+Cell_12 Pin=J2-3
Added Pin To Net: NetName=+Cell_12 Pin=J2-3
Added Pin To Net: NetName=+Cell_13 Pin=J2-4
Added Pin To Net: NetName=+Cell_14 Pin=J2-5
Added Pin To Net: NetName=+Cell_15 Pin=J2-6
Added Pin To Net: NetName=+Cell_16 Pin=J2-7
Added Pin To Net: NetName=-Cell_1 Pin=J3-1
Added Pin To Net: NetName=+Cell_1 Pin=J3-2
Added Pin To Net: NetName=+Cell_2 Pin=J3-3
Added Pin To Net: NetName=+Cell_2 Pin=J3-3
Added Pin To Net: NetName=+Cell_3 Pin=J3-4
Added Pin To Net: NetName=+Cell_4 Pin=J3-5
Added Pin To Net: NetName=+Cell_5 Pin=J3-6
Added Pin To Net: NetName=+Cell_6 Pin=J3-7
Added Pin To Net: NetName=+Cell_7 Pin=J3-8
Added Pin To Net: NetName=+Cell_8 Pin=J3-9
Added Pin To Net: NetName=+Cell_9 Pin=J3-10
Added Pin To Net: NetName=-Cell_1 Pin=NT1-1
Added Pin To Net: NetName=GND Pin=NT1-2
Added Pin To Net: NetName=+Cell_16 Pin=U2-41
Added Pin To Net: NetName=+Cell_16 Pin=U2-42
Added Member To Class: ClassName=U_BMS Member=Component J2 CONN_TB8
Added Member To Class: ClassName=U_BMS Member=Component J3 CONN_TB8
Added Member To Class: ClassName=U_BMS Member=Component NT1 Net-Tie
Added Member To Class: ClassName=U_BMS Member=Component R12 200
Added Member To Class: ClassName=U_BMS Member=Component R13 200
Added Member To Class: ClassName=U_BMS Member=Component R14 200
Added Member To Class: ClassName=U_BMS Member=Component R15 200
Added Member To Class: ClassName=U_BMS Member=Component R16 200
Added Member To Class: ClassName=U_BMS Member=Component R17 200
Added Member To Class: ClassName=U_BMS Member=Component R18 200
Added Member To Class: ClassName=U_BMS Member=Component R19 200
Added Member To Class: ClassName=U_BMS Member=Component R20 200
Added Member To Class: ClassName=U_BMS Member=Component R21 200
Added Member To Class: ClassName=U_BMS Member=Component R22 200
Added Member To Class: ClassName=U_BMS Member=Component R23 200
Added Member To Class: ClassName=U_BMS Member=Component R24 200
Added Member To Class: ClassName=U_BMS Member=Component R25 200
Added Member To Class: ClassName=U_BMS Member=Component R26 200
Added Member To Class: ClassName=U_BMS Member=Component R27 200
Added Rule: Name=Schematic Supply Nets_9
