Removed Pin From Net: NetName=12V Pin=FN1_1-1
Removed Pin From Net: NetName=12V Pin=FN1_2-1
Removed Member From Class: ClassName=Fan1 Member=FN1_1
Removed Member From Class: ClassName=Fan2 Member=FN1_2
Added Component: Designator=R67_1(RESC0603)
Add component (AddParameter): Name = "LatestRevisionDate"; Value = "17-Jul-2002"; VariantName = "[No Variations]"
Add component (AddParameter): Name = "LatestRevisionNote"; Value = "Re-released for DXP Platform."; VariantName = "[No Variations]"
Add component (AddParameter): Name = "PackageReference"; Value = "AXIAL-0.5"; VariantName = "[No Variations]"
Add component (AddParameter): Name = "Published"; Value = "8-Jun-2000"; VariantName = "[No Variations]"
Add component (AddParameter): Name = "Publisher"; Value = "Altium Limited"; VariantName = "[No Variations]"
Add component (AddParameter): Name = "Value"; Value = "10K"; VariantName = "[No Variations]"
Added Component: Designator=R67_2(RESC0603)
Add component (AddParameter): Name = "LatestRevisionDate"; Value = "17-Jul-2002"; VariantName = "[No Variations]"
Add component (AddParameter): Name = "LatestRevisionNote"; Value = "Re-released for DXP Platform."; VariantName = "[No Variations]"
Add component (AddParameter): Name = "PackageReference"; Value = "AXIAL-0.5"; VariantName = "[No Variations]"
Add component (AddParameter): Name = "Published"; Value = "8-Jun-2000"; VariantName = "[No Variations]"
Add component (AddParameter): Name = "Publisher"; Value = "Altium Limited"; VariantName = "[No Variations]"
Add component (AddParameter): Name = "Value"; Value = "10K"; VariantName = "[No Variations]"
Added Component: Designator=R68_1(RESC0603)
Add component (AddParameter): Name = "LatestRevisionDate"; Value = "17-Jul-2002"; VariantName = "[No Variations]"
Add component (AddParameter): Name = "LatestRevisionNote"; Value = "Re-released for DXP Platform."; VariantName = "[No Variations]"
Add component (AddParameter): Name = "PackageReference"; Value = "AXIAL-0.5"; VariantName = "[No Variations]"
Add component (AddParameter): Name = "Published"; Value = "8-Jun-2000"; VariantName = "[No Variations]"
Add component (AddParameter): Name = "Publisher"; Value = "Altium Limited"; VariantName = "[No Variations]"
Add component (AddParameter): Name = "Value"; Value = "2.7K"; VariantName = "[No Variations]"
Added Component: Designator=R68_2(RESC0603)
Add component (AddParameter): Name = "LatestRevisionDate"; Value = "17-Jul-2002"; VariantName = "[No Variations]"
Add component (AddParameter): Name = "LatestRevisionNote"; Value = "Re-released for DXP Platform."; VariantName = "[No Variations]"
Add component (AddParameter): Name = "PackageReference"; Value = "AXIAL-0.5"; VariantName = "[No Variations]"
Add component (AddParameter): Name = "Published"; Value = "8-Jun-2000"; VariantName = "[No Variations]"
Add component (AddParameter): Name = "Publisher"; Value = "Altium Limited"; VariantName = "[No Variations]"
Add component (AddParameter): Name = "Value"; Value = "2.7K"; VariantName = "[No Variations]"
Added Pin To Net: NetName=12V Pin=R67_1-1
Added Pin To Net: NetName=12V Pin=R67_2-1
Added Pin To Net: NetName=GND-ISO Pin=R68_1-2
Added Pin To Net: NetName=GND-ISO Pin=R68_2-2
Change Net Name : Old Net Name=FAN_Feedback_1 New Net Name=NetU1_31
Change Net Name : Old Net Name=FAN_Feedback_2 New Net Name=NetU1_32
Added Pin To Net: NetName=Fan_Signal_1 Pin=D6_1-1
Added Pin To Net: NetName=Fan_Signal_1 Pin=H1-5
Added Pin To Net: NetName=Fan_Signal_1 Pin=Q6_1-2
Added Pin To Net: NetName=Fan_Signal_1 Pin=R67_1-2
Added Pin To Net: NetName=Fan_Signal_1 Pin=R68_1-1
Added Net: Name=Fan_Signal_1
Added Pin To Net: NetName=Fan_Signal_2 Pin=D6_2-1
Added Pin To Net: NetName=Fan_Signal_2 Pin=H1-6
Added Pin To Net: NetName=Fan_Signal_2 Pin=Q6_2-2
Added Pin To Net: NetName=Fan_Signal_2 Pin=R67_2-2
Added Pin To Net: NetName=Fan_Signal_2 Pin=R68_2-1
Added Net: Name=Fan_Signal_2
Added Class: Name=Fan_Signal_[1..2]
Added Member To Class: ClassName=U_BMS Member=Component J3 CONN_TB8
Added Member To Class: ClassName=Fan1 Member=Component R67_1 (R67) 10K
Added Member To Class: ClassName=Fan2 Member=Component R67_2 (R67) 10K
Added Member To Class: ClassName=Fan1 Member=Component R68_1 (R68) 2.7K
Added Member To Class: ClassName=Fan2 Member=Component R68_2 (R68) 2.7K
