Removed Pin From Net: NetName=SW4 Pin=R1-1
Removed Pin From Net: NetName=3.3V Pin=R1-2
Removed Pin From Net: NetName=SW3 Pin=R2-1
Removed Pin From Net: NetName=3.3V Pin=R2-2
Removed Pin From Net: NetName=SW2 Pin=R3-1
Removed Pin From Net: NetName=3.3V Pin=R3-2
Removed Pin From Net: NetName=SW1 Pin=R4-1
Removed Pin From Net: NetName=3.3V Pin=R4-2
Removed Pin From Net: NetName=GND Pin=SWL-1
Removed Pin From Net: NetName=GND Pin=SWL-2
Removed Pin From Net: NetName=GND Pin=SWL-3
Removed Pin From Net: NetName=GND Pin=SWL-4
Removed Pin From Net: NetName=SW1 Pin=SWL-5
Removed Pin From Net: NetName=SW2 Pin=SWL-6
Removed Pin From Net: NetName=SW3 Pin=SWL-7
Removed Pin From Net: NetName=SW4 Pin=SWL-8
Removed Member From Class: ClassName=U_MCU Member=R1
Removed Member From Class: ClassName=U_MCU Member=R2
Removed Member From Class: ClassName=U_MCU Member=R3
Removed Member From Class: ClassName=U_MCU Member=R4
Removed Member From Class: ClassName=U_MCU Member=SWL
