Removed Pin From Net: NetName=12V Pin=D7-1
Removed Pin From Net: NetName=SW4 Pin=R3-1
Removed Pin From Net: NetName=3.3V Pin=R3-2
Removed Pin From Net: NetName=SW3 Pin=R4-1
Removed Pin From Net: NetName=3.3V Pin=R4-2
Removed Pin From Net: NetName=SW2 Pin=R60-1
Removed Pin From Net: NetName=3.3V Pin=R60-2
Removed Pin From Net: NetName=SW1 Pin=R62-1
Removed Pin From Net: NetName=3.3V Pin=R62-2
Removed Pin From Net: NetName=GND Pin=SWL1-1
Removed Pin From Net: NetName=GND Pin=SWL1-2
Removed Pin From Net: NetName=GND Pin=SWL1-3
Removed Pin From Net: NetName=GND Pin=SWL1-4
Removed Pin From Net: NetName=SW1 Pin=SWL1-5
Removed Pin From Net: NetName=SW2 Pin=SWL1-6
Removed Pin From Net: NetName=SW3 Pin=SWL1-7
Removed Pin From Net: NetName=SW4 Pin=SWL1-8
Removed Pin From Net: NetName=FAN_PWM_1 Pin=U1-29
Removed Pin From Net: NetName=FAN_PWM_2 Pin=U1-30
Removed Member From Class: ClassName=U_Communication Member=D7
Removed Member From Class: ClassName=U_MCU Member=R3
Removed Member From Class: ClassName=U_MCU Member=R4
Removed Member From Class: ClassName=U_MCU Member=R60
Removed Member From Class: ClassName=U_MCU Member=R62
Removed Member From Class: ClassName=U_MCU Member=SWL1
Added Pin To Net: NetName=12V Pin=C27-2
Added Pin To Net: NetName=12V Pin=C29-2
Added Pin To Net: NetName=SW1 Pin=H2-5
Added Pin To Net: NetName=SW2 Pin=H2-6
Added Pin To Net: NetName=SW3 Pin=H2-12
Added Pin To Net: NetName=SW4 Pin=H2-13
Added Pin To Net: NetName=FAN_PWM_2 Pin=U1-29
Added Pin To Net: NetName=FAN_PWM_1 Pin=U1-30
Added Pin To Net: NetName=12V Pin=U4-3
Added Class: Name=SW[1..4]
