Removed Pin From Net: NetName=REGIN Pin=TP4-1
Removed Pin From Net: NetName=REGIN Pin=U2-36
Added Component: Designator=R63(RES0603)
Add component (AddParameter): Name = "LatestRevisionDate"; Value = "17-Jul-2002"; VariantName = "[No Variations]"
Add component (AddParameter): Name = "LatestRevisionNote"; Value = "Re-released for DXP Platform."; VariantName = "[No Variations]"
Add component (AddParameter): Name = "PackageDescription"; Value = "Axial Device, Thru-Hole; 2 Leads; 0.3 in Pin Spacing"; VariantName = "[No Variations]"
Add component (AddParameter): Name = "PackageReference"; Value = "AXIAL-0.3"; VariantName = "[No Variations]"
Add component (AddParameter): Name = "Published"; Value = "8-Jun-2000"; VariantName = "[No Variations]"
Add component (AddParameter): Name = "Publisher"; Value = "Altium Limited"; VariantName = "[No Variations]"
Add component (AddParameter): Name = "Value"; Value = "0"; VariantName = "[No Variations]"
Added Pin To Net: NetName=REGIN Pin=R63-2
Change Net Name : Old Net Name=REGIN New Net Name=5.4V
Added Pin To Net: NetName=REGIN Pin=R63-1
Added Pin To Net: NetName=REGIN Pin=TP4-1
Added Pin To Net: NetName=REGIN Pin=U2-36
Added Net: Name=REGIN
Added Member To Class: ClassName=U_BMS Member=Component R63 0
Added Rule: Name=Schematic Routing Via Style
Added Rule: Name=Schematic Supply Nets_7
Added Rule: Name=Schematic Width Constraint_11
