Removed Pin From Net: NetName=CAN_P Pin=H2-4
Removed Pin From Net: NetName=GND-ISO Pin=H2-5
Removed Pin From Net: NetName=GND-ISO Pin=H2-6
Change Component Footprint: Designator=H2 Old Footprint=MINIATX 2 × 3 New Footprint=miniATX 2 × 7
Change Component Comment : Designator=H2 Old Comment=MHDR_2X03 New Comment=MHDR_2X07
Added Component: Designator=R1(RESC0603)
Add component (AddParameter): Name = "LatestRevisionDate"; Value = "17-Jul-2002"; VariantName = "[No Variations]"
Add component (AddParameter): Name = "LatestRevisionNote"; Value = "Re-released for DXP Platform."; VariantName = "[No Variations]"
Add component (AddParameter): Name = "PackageReference"; Value = "AXIAL-0.5"; VariantName = "[No Variations]"
Add component (AddParameter): Name = "Published"; Value = "8-Jun-2000"; VariantName = "[No Variations]"
Add component (AddParameter): Name = "Publisher"; Value = "Altium Limited"; VariantName = "[No Variations]"
Add component (AddParameter): Name = "Value"; Value = "10K"; VariantName = "[No Variations]"
Added Component: Designator=R2(RESC0603)
Add component (AddParameter): Name = "LatestRevisionDate"; Value = "17-Jul-2002"; VariantName = "[No Variations]"
Add component (AddParameter): Name = "LatestRevisionNote"; Value = "Re-released for DXP Platform."; VariantName = "[No Variations]"
Add component (AddParameter): Name = "PackageReference"; Value = "AXIAL-0.5"; VariantName = "[No Variations]"
Add component (AddParameter): Name = "Published"; Value = "8-Jun-2000"; VariantName = "[No Variations]"
Add component (AddParameter): Name = "Publisher"; Value = "Altium Limited"; VariantName = "[No Variations]"
Add component (AddParameter): Name = "Value"; Value = "10K"; VariantName = "[No Variations]"
Added Component: Designator=R3(RESC0603)
Add component (AddParameter): Name = "LatestRevisionDate"; Value = "17-Jul-2002"; VariantName = "[No Variations]"
Add component (AddParameter): Name = "LatestRevisionNote"; Value = "Re-released for DXP Platform."; VariantName = "[No Variations]"
Add component (AddParameter): Name = "PackageReference"; Value = "AXIAL-0.5"; VariantName = "[No Variations]"
Add component (AddParameter): Name = "Published"; Value = "8-Jun-2000"; VariantName = "[No Variations]"
Add component (AddParameter): Name = "Publisher"; Value = "Altium Limited"; VariantName = "[No Variations]"
Add component (AddParameter): Name = "Value"; Value = "10K"; VariantName = "[No Variations]"
Added Component: Designator=R4(RESC0603)
Add component (AddParameter): Name = "LatestRevisionDate"; Value = "17-Jul-2002"; VariantName = "[No Variations]"
Add component (AddParameter): Name = "LatestRevisionNote"; Value = "Re-released for DXP Platform."; VariantName = "[No Variations]"
Add component (AddParameter): Name = "PackageReference"; Value = "AXIAL-0.5"; VariantName = "[No Variations]"
Add component (AddParameter): Name = "Published"; Value = "8-Jun-2000"; VariantName = "[No Variations]"
Add component (AddParameter): Name = "Publisher"; Value = "Altium Limited"; VariantName = "[No Variations]"
Add component (AddParameter): Name = "Value"; Value = "10K"; VariantName = "[No Variations]"
Added Component: Designator=SWL(SW4_1571983_4P_TEC)
Add component (AddParameter): Name = "Copyright"; Value = "Copyright (C) 2025 Ultra Librarian. All rights reserved."; VariantName = "[No Variations]"
Add component (AddParameter): Name = "Manufacturer_Name"; Value = "TE Connectivity"; VariantName = "[No Variations]"
Add component (AddParameter): Name = "Manufacturer_Part_Number"; Value = "1571983-4"; VariantName = "[No Variations]"
Add component (AddParameter): Name = "RefDes"; Value = "RefDes"; VariantName = "[No Variations]"
Add component (AddParameter): Name = "Type"; Value = "Type"; VariantName = "[No Variations]"
Added Pin To Net: NetName=SW1 Pin=H2-5
Added Pin To Net: NetName=SW2 Pin=H2-6
Added Pin To Net: NetName=3.3V Pin=H2-7
Added Pin To Net: NetName=GND-ISO Pin=H2-8
Added Pin To Net: NetName=GND-ISO Pin=H2-9
Added Pin To Net: NetName=CAN_P Pin=H2-10
Added Pin To Net: NetName=SW3 Pin=H2-12
Added Pin To Net: NetName=SW4 Pin=H2-13
Added Pin To Net: NetName=GND Pin=H2-14
Added Pin To Net: NetName=SW4 Pin=R1-1
Added Pin To Net: NetName=3.3V Pin=R1-2
Added Pin To Net: NetName=SW3 Pin=R2-1
Added Pin To Net: NetName=3.3V Pin=R2-2
Added Pin To Net: NetName=SW2 Pin=R3-1
Added Pin To Net: NetName=3.3V Pin=R3-2
Added Pin To Net: NetName=SW1 Pin=R4-1
Added Pin To Net: NetName=3.3V Pin=R4-2
Added Pin To Net: NetName=GND Pin=SWL-1
Added Pin To Net: NetName=GND Pin=SWL-2
Added Pin To Net: NetName=GND Pin=SWL-3
Added Pin To Net: NetName=GND Pin=SWL-4
Added Pin To Net: NetName=SW1 Pin=SWL-5
Added Pin To Net: NetName=SW2 Pin=SWL-6
Added Pin To Net: NetName=SW3 Pin=SWL-7
Added Pin To Net: NetName=SW4 Pin=SWL-8
Added Class: Name=SW[1..4]
Added Member To Class: ClassName=U_MCU Member=Component R1 10K
Added Member To Class: ClassName=U_MCU Member=Component R2 10K
Added Member To Class: ClassName=U_MCU Member=Component R3 10K
Added Member To Class: ClassName=U_MCU Member=Component R4 10K
Added Member To Class: ClassName=U_MCU Member=Component SWL 1571983-4
