Removed Pin From Net: NetName=+Cell_1 Pin=Q2_1-3
Removed Pin From Net: NetName=+Cell_2 Pin=Q2_2-3
Removed Pin From Net: NetName=+Cell_3 Pin=Q2_3-3
Removed Pin From Net: NetName=+Cell_4 Pin=Q2_4-3
Removed Pin From Net: NetName=+Cell_5 Pin=Q2_5-3
Removed Pin From Net: NetName=+Cell_6 Pin=Q2_6-3
Removed Pin From Net: NetName=+Cell_7 Pin=Q2_7-3
Removed Pin From Net: NetName=+Cell_8 Pin=Q2_8-3
Removed Pin From Net: NetName=+Cell_9 Pin=Q2_9-3
Removed Pin From Net: NetName=+Cell_10 Pin=Q2_10-3
Removed Pin From Net: NetName=+Cell_11 Pin=Q2_11-3
Removed Pin From Net: NetName=+Cell_12 Pin=Q2_12-3
Removed Pin From Net: NetName=+Cell_13 Pin=Q2_13-3
Removed Pin From Net: NetName=+Cell_14 Pin=Q2_14-3
Removed Pin From Net: NetName=+Cell_15 Pin=Q2_15-3
Removed Pin From Net: NetName=+Cell_16 Pin=Q2_16-3
Removed Pin From Net: NetName=+Cell_1 Pin=R41_1-2
Removed Pin From Net: NetName=+Cell_2 Pin=R41_2-2
Removed Pin From Net: NetName=+Cell_3 Pin=R41_3-2
Removed Pin From Net: NetName=+Cell_4 Pin=R41_4-2
Removed Pin From Net: NetName=+Cell_5 Pin=R41_5-2
Removed Pin From Net: NetName=+Cell_6 Pin=R41_6-2
Removed Pin From Net: NetName=+Cell_7 Pin=R41_7-2
Removed Pin From Net: NetName=+Cell_8 Pin=R41_8-2
Removed Pin From Net: NetName=+Cell_9 Pin=R41_9-2
Removed Pin From Net: NetName=+Cell_10 Pin=R41_10-2
Removed Pin From Net: NetName=+Cell_11 Pin=R41_11-2
Removed Pin From Net: NetName=+Cell_12 Pin=R41_12-2
Removed Pin From Net: NetName=+Cell_13 Pin=R41_13-2
Removed Pin From Net: NetName=+Cell_14 Pin=R41_14-2
Removed Pin From Net: NetName=+Cell_15 Pin=R41_15-2
Removed Pin From Net: NetName=+Cell_16 Pin=R41_16-2
Removed Pin From Net: NetName=+Cell_1 Pin=R42_1-2
Removed Pin From Net: NetName=+Cell_2 Pin=R42_2-2
Removed Pin From Net: NetName=+Cell_3 Pin=R42_3-2
Removed Pin From Net: NetName=+Cell_4 Pin=R42_4-2
Removed Pin From Net: NetName=+Cell_5 Pin=R42_5-2
Removed Pin From Net: NetName=+Cell_6 Pin=R42_6-2
Removed Pin From Net: NetName=+Cell_7 Pin=R42_7-2
Removed Pin From Net: NetName=+Cell_8 Pin=R42_8-2
Removed Pin From Net: NetName=+Cell_9 Pin=R42_9-2
Removed Pin From Net: NetName=+Cell_10 Pin=R42_10-2
Removed Pin From Net: NetName=+Cell_11 Pin=R42_11-2
Removed Pin From Net: NetName=+Cell_12 Pin=R42_12-2
Removed Pin From Net: NetName=+Cell_13 Pin=R42_13-2
Removed Pin From Net: NetName=+Cell_14 Pin=R42_14-2
Removed Pin From Net: NetName=+Cell_15 Pin=R42_15-2
Removed Pin From Net: NetName=+Cell_16 Pin=R42_16-2
Removed Pin From Net: NetName=+Cell_1 Pin=R43_1-2
Removed Pin From Net: NetName=+Cell_2 Pin=R43_2-2
Removed Pin From Net: NetName=+Cell_3 Pin=R43_3-2
Removed Pin From Net: NetName=+Cell_4 Pin=R43_4-2
Removed Pin From Net: NetName=+Cell_5 Pin=R43_5-2
Removed Pin From Net: NetName=+Cell_6 Pin=R43_6-2
Removed Pin From Net: NetName=+Cell_7 Pin=R43_7-2
Removed Pin From Net: NetName=+Cell_8 Pin=R43_8-2
Removed Pin From Net: NetName=+Cell_9 Pin=R43_9-2
Removed Pin From Net: NetName=+Cell_10 Pin=R43_10-2
Removed Pin From Net: NetName=+Cell_11 Pin=R43_11-2
Removed Pin From Net: NetName=+Cell_12 Pin=R43_12-2
Removed Pin From Net: NetName=+Cell_13 Pin=R43_13-2
Removed Pin From Net: NetName=+Cell_14 Pin=R43_14-2
Removed Pin From Net: NetName=+Cell_15 Pin=R43_15-2
Removed Pin From Net: NetName=+Cell_16 Pin=R43_16-2
Removed Pin From Net: NetName=+Cell_1 Pin=R44_1-2
Removed Pin From Net: NetName=+Cell_2 Pin=R44_2-2
Removed Pin From Net: NetName=+Cell_3 Pin=R44_3-2
Removed Pin From Net: NetName=+Cell_4 Pin=R44_4-2
Removed Pin From Net: NetName=+Cell_5 Pin=R44_5-2
Removed Pin From Net: NetName=+Cell_6 Pin=R44_6-2
Removed Pin From Net: NetName=+Cell_7 Pin=R44_7-2
Removed Pin From Net: NetName=+Cell_8 Pin=R44_8-2
Removed Pin From Net: NetName=+Cell_9 Pin=R44_9-2
Removed Pin From Net: NetName=+Cell_10 Pin=R44_10-2
Removed Pin From Net: NetName=+Cell_11 Pin=R44_11-2
Removed Pin From Net: NetName=+Cell_12 Pin=R44_12-2
Removed Pin From Net: NetName=+Cell_13 Pin=R44_13-2
Removed Pin From Net: NetName=+Cell_14 Pin=R44_14-2
Removed Pin From Net: NetName=+Cell_15 Pin=R44_15-2
Removed Pin From Net: NetName=+Cell_16 Pin=R44_16-2
Added Pin To Net: NetName=NetQ2_1_3 Pin=Q2_1-3
Added Pin To Net: NetName=NetQ2_1_3 Pin=R41_1-2
Added Pin To Net: NetName=NetQ2_1_3 Pin=R42_1-2
Added Pin To Net: NetName=NetQ2_1_3 Pin=R43_1-2
Added Pin To Net: NetName=NetQ2_1_3 Pin=R44_1-2
Added Net: Name=NetQ2_1_3
Added Pin To Net: NetName=NetQ2_2_3 Pin=Q2_2-3
Added Pin To Net: NetName=NetQ2_2_3 Pin=R41_2-2
Added Pin To Net: NetName=NetQ2_2_3 Pin=R42_2-2
Added Pin To Net: NetName=NetQ2_2_3 Pin=R43_2-2
Added Pin To Net: NetName=NetQ2_2_3 Pin=R44_2-2
Added Net: Name=NetQ2_2_3
Added Pin To Net: NetName=NetQ2_3_3 Pin=Q2_3-3
Added Pin To Net: NetName=NetQ2_3_3 Pin=R41_3-2
Added Pin To Net: NetName=NetQ2_3_3 Pin=R42_3-2
Added Pin To Net: NetName=NetQ2_3_3 Pin=R43_3-2
Added Pin To Net: NetName=NetQ2_3_3 Pin=R44_3-2
Added Net: Name=NetQ2_3_3
Added Pin To Net: NetName=NetQ2_4_3 Pin=Q2_4-3
Added Pin To Net: NetName=NetQ2_4_3 Pin=R41_4-2
Added Pin To Net: NetName=NetQ2_4_3 Pin=R42_4-2
Added Pin To Net: NetName=NetQ2_4_3 Pin=R43_4-2
Added Pin To Net: NetName=NetQ2_4_3 Pin=R44_4-2
Added Net: Name=NetQ2_4_3
Added Pin To Net: NetName=NetQ2_5_3 Pin=Q2_5-3
Added Pin To Net: NetName=NetQ2_5_3 Pin=R41_5-2
Added Pin To Net: NetName=NetQ2_5_3 Pin=R42_5-2
Added Pin To Net: NetName=NetQ2_5_3 Pin=R43_5-2
Added Pin To Net: NetName=NetQ2_5_3 Pin=R44_5-2
Added Net: Name=NetQ2_5_3
Added Pin To Net: NetName=NetQ2_6_3 Pin=Q2_6-3
Added Pin To Net: NetName=NetQ2_6_3 Pin=R41_6-2
Added Pin To Net: NetName=NetQ2_6_3 Pin=R42_6-2
Added Pin To Net: NetName=NetQ2_6_3 Pin=R43_6-2
Added Pin To Net: NetName=NetQ2_6_3 Pin=R44_6-2
Added Net: Name=NetQ2_6_3
Added Pin To Net: NetName=NetQ2_7_3 Pin=Q2_7-3
Added Pin To Net: NetName=NetQ2_7_3 Pin=R41_7-2
Added Pin To Net: NetName=NetQ2_7_3 Pin=R42_7-2
Added Pin To Net: NetName=NetQ2_7_3 Pin=R43_7-2
Added Pin To Net: NetName=NetQ2_7_3 Pin=R44_7-2
Added Net: Name=NetQ2_7_3
Added Pin To Net: NetName=NetQ2_8_3 Pin=Q2_8-3
Added Pin To Net: NetName=NetQ2_8_3 Pin=R41_8-2
Added Pin To Net: NetName=NetQ2_8_3 Pin=R42_8-2
Added Pin To Net: NetName=NetQ2_8_3 Pin=R43_8-2
Added Pin To Net: NetName=NetQ2_8_3 Pin=R44_8-2
Added Net: Name=NetQ2_8_3
Added Pin To Net: NetName=NetQ2_9_3 Pin=Q2_9-3
Added Pin To Net: NetName=NetQ2_9_3 Pin=R41_9-2
Added Pin To Net: NetName=NetQ2_9_3 Pin=R42_9-2
Added Pin To Net: NetName=NetQ2_9_3 Pin=R43_9-2
Added Pin To Net: NetName=NetQ2_9_3 Pin=R44_9-2
Added Net: Name=NetQ2_9_3
Added Pin To Net: NetName=NetQ2_10_3 Pin=Q2_10-3
Added Pin To Net: NetName=NetQ2_10_3 Pin=R41_10-2
Added Pin To Net: NetName=NetQ2_10_3 Pin=R42_10-2
Added Pin To Net: NetName=NetQ2_10_3 Pin=R43_10-2
Added Pin To Net: NetName=NetQ2_10_3 Pin=R44_10-2
Added Net: Name=NetQ2_10_3
Added Pin To Net: NetName=NetQ2_11_3 Pin=Q2_11-3
Added Pin To Net: NetName=NetQ2_11_3 Pin=R41_11-2
Added Pin To Net: NetName=NetQ2_11_3 Pin=R42_11-2
Added Pin To Net: NetName=NetQ2_11_3 Pin=R43_11-2
Added Pin To Net: NetName=NetQ2_11_3 Pin=R44_11-2
Added Net: Name=NetQ2_11_3
Added Pin To Net: NetName=NetQ2_12_3 Pin=Q2_12-3
Added Pin To Net: NetName=NetQ2_12_3 Pin=R41_12-2
Added Pin To Net: NetName=NetQ2_12_3 Pin=R42_12-2
Added Pin To Net: NetName=NetQ2_12_3 Pin=R43_12-2
Added Pin To Net: NetName=NetQ2_12_3 Pin=R44_12-2
Added Net: Name=NetQ2_12_3
Added Pin To Net: NetName=NetQ2_13_3 Pin=Q2_13-3
Added Pin To Net: NetName=NetQ2_13_3 Pin=R41_13-2
Added Pin To Net: NetName=NetQ2_13_3 Pin=R42_13-2
Added Pin To Net: NetName=NetQ2_13_3 Pin=R43_13-2
Added Pin To Net: NetName=NetQ2_13_3 Pin=R44_13-2
Added Net: Name=NetQ2_13_3
Added Pin To Net: NetName=NetQ2_14_3 Pin=Q2_14-3
Added Pin To Net: NetName=NetQ2_14_3 Pin=R41_14-2
Added Pin To Net: NetName=NetQ2_14_3 Pin=R42_14-2
Added Pin To Net: NetName=NetQ2_14_3 Pin=R43_14-2
Added Pin To Net: NetName=NetQ2_14_3 Pin=R44_14-2
Added Net: Name=NetQ2_14_3
Added Pin To Net: NetName=NetQ2_15_3 Pin=Q2_15-3
Added Pin To Net: NetName=NetQ2_15_3 Pin=R41_15-2
Added Pin To Net: NetName=NetQ2_15_3 Pin=R42_15-2
Added Pin To Net: NetName=NetQ2_15_3 Pin=R43_15-2
Added Pin To Net: NetName=NetQ2_15_3 Pin=R44_15-2
Added Net: Name=NetQ2_15_3
Added Pin To Net: NetName=NetQ2_16_3 Pin=Q2_16-3
Added Pin To Net: NetName=NetQ2_16_3 Pin=R41_16-2
Added Pin To Net: NetName=NetQ2_16_3 Pin=R42_16-2
Added Pin To Net: NetName=NetQ2_16_3 Pin=R43_16-2
Added Pin To Net: NetName=NetQ2_16_3 Pin=R44_16-2
Added Net: Name=NetQ2_16_3
