Change Component Designator: Old Designator=!PCB? New Designator=!PCB1
Change Component Designator: Old Designator=FID? New Designator=FID1
Change Component Designator: Old Designator=FID? New Designator=FID2
Change Component Designator: Old Designator=FID? New Designator=FID3
Change Component Designator: Old Designator=FID? New Designator=FID4
Change Component Designator: Old Designator=FID? New Designator=FID5
Change Component Designator: Old Designator=FID? New Designator=FID6
Change Component Designator: Old Designator=H? New Designator=H1
Change Component Designator: Old Designator=H? New Designator=H2
Change Component Designator: Old Designator=H? New Designator=H3
Change Component Designator: Old Designator=H? New Designator=H4
Change Component Designator: Old Designator=LOGO? New Designator=LOGO1
Change Component Designator: Old Designator=LOGO? New Designator=LOGO2
Change Component Designator: Old Designator=Logo? New Designator=Logo3
Change Component Designator: Old Designator=Logo? New Designator=Logo4
Change Component Designator: Old Designator=Logo? New Designator=Logo5
Change Component Designator: Old Designator=SH-J? New Designator=SH-J1
Change Component Designator: Old Designator=SH-J? New Designator=SH-J2
Change Component Designator: Old Designator=SH-J? New Designator=SH-J3
Change Component Designator: Old Designator=SH-J? New Designator=SH-J4
Change Component Designator: Old Designator=SH-J? New Designator=SH-J5
Change Component Designator: Old Designator=SH-J? New Designator=SH-J6
Change Component Designator: Old Designator=SH-J? New Designator=SH-J7
Change Component Designator: Old Designator=SH-J? New Designator=SH-J8
Change Component Designator: Old Designator=SH-J? New Designator=SH-J9
Change Component Designator: Old Designator=SH-J? New Designator=SH-J10
Change Component Designator: Old Designator=SH-J? New Designator=SH-J11
Change Component Designator: Old Designator=SH-J? New Designator=SH-J12
Change Component Designator: Old Designator=SH-J? New Designator=SH-J13
Change Component Designator: Old Designator=SH-J? New Designator=SH-J14
Change Component Designator: Old Designator=SH-J? New Designator=SH-J15
Change Component Designator: Old Designator=SH-J? New Designator=SH-J16
Change Component Designator: Old Designator=SH-J? New Designator=SH-J17
Change Component Designator: Old Designator=SH-J? New Designator=SH-J18
Change Component Designator: Old Designator=SH-J? New Designator=SH-J19
Change Component Designator: Old Designator=SH-J? New Designator=SH-J20
Change Component Designator: Old Designator=SH-J? New Designator=SH-J21
Change Component Designator: Old Designator=ZZ? New Designator=ZZ1
Change Component Designator: Old Designator=ZZ? New Designator=ZZ2
Change Component Designator: Old Designator=ZZ? New Designator=ZZ3
